\BOOKMARK [0][-]{Doc-Start}{\376\377\004\040\004\025\004\044\004\025\004\040\004\020\004\042}{}% 1
\BOOKMARK [0][-]{Doc-Start}{\376\377\004\022\004\022\004\025\004\024\004\025\004\035\004\030\004\025}{}% 2
\BOOKMARK [0][-]{chapter.1}{\376\377\004\020\004\075\004\060\004\073\004\070\004\067\000\040\004\077\004\100\004\065\004\064\004\074\004\065\004\102\004\075\004\076\004\071\000\040\004\076\004\061\004\073\004\060\004\101\004\102\004\070}{}% 3
\BOOKMARK [1][-]{section.1.1}{\376\377\004\036\004\101\004\075\004\076\004\062\004\075\004\113\004\065\000\040\004\077\004\076\004\075\004\117\004\102\004\070\004\117\000\040\004\072\004\076\004\100\004\077\004\103\004\101\004\075\004\076\004\071\000\040\004\073\004\070\004\075\004\063\004\062\004\070\004\101\004\102\004\070\004\072\004\070}{chapter.1}% 4
\BOOKMARK [1][-]{section.1.2}{\376\377\004\030\004\101\004\102\004\076\004\100\004\070\004\117\000\040\004\100\004\060\004\067\004\062\004\070\004\102\004\070\004\117\000\040\004\072\004\076\004\100\004\077\004\103\004\101\004\075\004\076\004\071\000\040\004\073\004\070\004\075\004\063\004\062\004\070\004\101\004\102\004\070\004\072\004\070}{chapter.1}% 5
\BOOKMARK [1][-]{section.1.3}{\376\377\004\032\004\073\004\060\004\101\004\101\004\070\004\104\004\070\004\072\004\060\004\106\004\070\004\117\000\040\004\072\004\076\004\100\004\077\004\103\004\101\004\076\004\062}{chapter.1}% 6
\BOOKMARK [1][-]{section.1.4}{\376\377\004\040\004\065\004\077\004\100\004\065\004\067\004\065\004\075\004\102\004\060\004\102\004\070\004\062\004\075\004\076\004\101\004\102\004\114\000\040\004\072\004\076\004\100\004\077\004\103\004\101\004\060}{chapter.1}% 7
\BOOKMARK [1][-]{section.1.5}{\376\377\004\022\004\070\004\064\004\113\000\040\004\100\004\060\004\067\004\074\004\065\004\102\004\076\004\072}{chapter.1}% 8
\BOOKMARK [0][-]{chapter.2}{\376\377\004\034\004\065\004\102\004\076\004\064\004\113\000\040\004\077\004\076\004\101\004\102\004\100\004\076\004\065\004\075\004\070\004\117\000\040\004\100\004\060\004\067\004\074\004\065\004\102\004\076\004\072\000\040\004\102\004\065\004\072\004\101\004\102\004\076\004\062}{}% 9
\BOOKMARK [1][-]{section.2.1}{\376\377\004\020\004\075\004\060\004\104\004\076\004\100\004\070\004\107\004\065\004\101\004\072\004\060\004\117\000\040\004\100\004\060\004\067\004\074\004\065\004\102\004\072\004\060}{chapter.2}% 10
\BOOKMARK [2][-]{subsection.2.1.1}{\376\377\004\022\004\113\004\107\004\070\004\101\004\073\004\065\004\075\004\070\004\065\000\040\004\101\004\065\004\074\004\060\004\075\004\102\004\070\004\107\004\065\004\101\004\072\004\076\004\071\000\040\004\061\004\073\004\070\004\067\004\076\004\101\004\102\004\070}{section.2.1}% 11
\BOOKMARK [2][-]{subsection.2.1.2}{\376\377\000A\000B\000B\000Y\000Y\000\040\000C\000o\000m\000p\000r\000e\000n\000o}{section.2.1}% 12
\BOOKMARK [2][-]{subsection.2.1.3}{\376\377\000C\000o\000g\000N\000I\000A\000C}{section.2.1}% 13
\BOOKMARK [2][-]{subsection.2.1.4}{\376\377\004\034\004\065\004\102\004\076\004\064\000\040\004\076\004\077\004\076\004\100\004\075\004\113\004\105\000\040\004\062\004\065\004\072\004\102\004\076\004\100\004\076\004\062}{section.2.1}% 14
\BOOKMARK [2][-]{subsection.2.1.5}{\376\377\004\024\004\065\004\100\004\065\004\062\004\076\000\040\004\077\004\100\004\070\004\075\004\117\004\102\004\070\004\117\000\040\004\100\004\065\004\110\004\065\004\075\004\070\004\071}{section.2.1}% 15
\BOOKMARK [1][-]{section.2.2}{\376\377\004\034\004\076\004\100\004\104\004\076\004\073\004\076\004\063\004\070\004\107\004\065\004\101\004\072\004\060\004\117\000\040\004\100\004\060\004\067\004\074\004\065\004\102\004\072\004\060}{chapter.2}% 16
\BOOKMARK [2][-]{subsection.2.2.1}{\376\377\000F\000i\000n\000i\000t\000e\000\040\000s\000t\000a\000t\000e\000\040\000t\000r\000a\000n\000s\000d\000u\000c\000e\000r\000\040\000\050\000F\000S\000T\000\051}{section.2.2}% 17
\BOOKMARK [2][-]{subsection.2.2.2}{\376\377\004\041\004\073\004\076\004\062\004\060\004\100\004\075\004\113\004\065\000\040\004\077\004\076\004\064\004\105\004\076\004\064\004\113\000\040\004\101\000\040\004\070\004\101\004\077\004\076\004\073\004\114\004\067\004\076\004\062\004\060\004\075\004\070\004\065\004\074\000\040\004\115\004\062\004\100\004\070\004\101\004\102\004\070\004\072}{section.2.2}% 18
\BOOKMARK [2][-]{subsection.2.2.3}{\376\377\004\041\004\102\004\060\004\102\004\070\004\101\004\102\004\070\004\107\004\065\004\101\004\072\004\070\004\065\000\040\004\077\004\076\004\064\004\105\004\076\004\064\004\113}{section.2.2}% 19
\BOOKMARK [1][-]{section.2.3}{\376\377\004\041\004\070\004\075\004\102\004\060\004\072\004\101\004\070\004\107\004\065\004\101\004\072\004\060\004\117\000\040\004\100\004\060\004\067\004\074\004\065\004\102\004\072\004\060}{chapter.2}% 20
\BOOKMARK [2][-]{subsection.2.3.1}{\376\377\004\024\004\065\004\100\004\065\004\062\004\076\000\040\004\101\004\076\004\101\004\102\004\060\004\062\004\073\004\117\004\116\004\111\004\070\004\105}{section.2.3}% 21
\BOOKMARK [2][-]{subsection.2.3.2}{\376\377\004\024\004\065\004\100\004\065\004\062\004\076\000\040\004\067\004\060\004\062\004\070\004\101\004\070\004\074\004\076\004\101\004\102\004\065\004\071}{section.2.3}% 22
\BOOKMARK [0][-]{chapter.3}{\376\377\004\041\004\100\004\060\004\062\004\075\004\065\004\075\004\070\004\065\000\040\004\074\004\065\004\102\004\076\004\064\004\076\004\062\000\040\004\077\004\076\004\101\004\102\004\100\004\076\004\065\004\075\004\070\004\117\000\040\004\100\004\060\004\067\004\074\004\065\004\102\004\072\004\070}{}% 23
\BOOKMARK [1][-]{section.3.1}{\376\377\004\020\004\075\004\060\004\104\004\076\004\100\004\070\004\107\004\065\004\101\004\072\004\060\004\117\000\040\004\100\004\060\004\067\004\074\004\065\004\102\004\072\004\060}{chapter.3}% 24
\BOOKMARK [2][-]{subsection.3.1.1}{\376\377\004\032\004\100\004\070\004\102\004\065\004\100\004\070\004\070\000\040\004\070\000\040\004\101\004\100\004\060\004\062\004\075\004\065\004\075\004\070\004\065\000\040\004\074\004\065\004\102\004\076\004\064\004\076\004\062}{section.3.1}% 25
\BOOKMARK [2][-]{subsection.3.1.2}{\376\377\004\022\004\113\004\062\004\076\004\064\004\113}{section.3.1}% 26
\BOOKMARK [1][-]{section.3.2}{\376\377\004\034\004\076\004\100\004\104\004\076\004\073\004\076\004\063\004\070\004\107\004\065\004\101\004\072\004\060\004\117\000\040\004\100\004\060\004\067\004\074\004\065\004\102\004\072\004\060}{chapter.3}% 27
\BOOKMARK [2][-]{subsection.3.2.1}{\376\377\004\032\004\100\004\070\004\102\004\065\004\100\004\070\004\070\000\040\004\070\000\040\004\101\004\100\004\060\004\062\004\075\004\065\004\075\004\070\004\065\000\040\004\074\004\065\004\102\004\076\004\064\004\076\004\062}{section.3.2}% 28
\BOOKMARK [2][-]{subsection.3.2.2}{\376\377\004\022\004\113\004\062\004\076\004\064\004\113}{section.3.2}% 29
\BOOKMARK [1][-]{section.3.3}{\376\377\004\041\004\070\004\075\004\102\004\060\004\072\004\101\004\070\004\107\004\065\004\101\004\072\004\060\004\117\000\040\004\100\004\060\004\067\004\074\004\065\004\102\004\072\004\060}{chapter.3}% 30
\BOOKMARK [2][-]{subsection.3.3.1}{\376\377\004\032\004\100\004\070\004\102\004\065\004\100\004\070\004\070\000\040\004\070\000\040\004\101\004\100\004\060\004\062\004\075\004\065\004\075\004\070\004\065\000\040\004\074\004\065\004\102\004\076\004\064\004\076\004\062}{section.3.3}% 31
\BOOKMARK [2][-]{subsection.3.3.2}{\376\377\004\022\004\113\004\062\004\076\004\064\004\113}{section.3.3}% 32
\BOOKMARK [0][-]{chapter.4}{\376\377\004\041\004\100\004\060\004\062\004\075\004\065\004\075\004\070\004\065\000\040\004\072\004\076\004\100\004\077\004\103\004\101\004\075\004\113\004\105\000\040\004\074\004\065\004\075\004\065\004\064\004\066\004\065\004\100\004\076\004\062}{}% 33
\BOOKMARK [1][-]{section.4.1}{\376\377\004\041\004\103\004\111\004\065\004\101\004\102\004\062\004\103\004\116\004\111\004\070\004\065\000\040\004\072\004\076\004\100\004\077\004\103\004\101\004\075\004\113\004\065\000\040\004\074\004\065\004\075\004\065\004\064\004\066\004\065\004\100\004\113}{chapter.4}% 34
\BOOKMARK [1][-]{section.4.2}{\376\377\004\032\004\100\004\070\004\102\004\065\004\100\004\070\004\070\000\040\004\101\004\100\004\060\004\062\004\075\004\065\004\075\004\070\004\117\000\040\004\072\004\076\004\100\004\077\004\103\004\101\004\075\004\113\004\105\000\040\004\074\004\065\004\075\004\065\004\064\004\066\004\065\004\100\004\076\004\062}{chapter.4}% 35
\BOOKMARK [1][-]{section.4.3}{\376\377\004\022\004\113\004\062\004\076\004\064\004\113}{chapter.4}% 36
\BOOKMARK [0][-]{section.4.3}{\376\377\004\027\004\020\004\032\004\033\004\056\004\047\004\025\004\035\004\030\004\025}{}% 37
\BOOKMARK [0][-]{section.4.3}{\376\377\004\041\004\037\004\030\004\041\004\036\004\032\000\040\004\030\004\041\004\037\004\036\004\033\004\054\004\027\004\036\004\022\004\020\004\035\004\035\004\053\004\045\000\040\004\030\004\041\004\042\004\036\004\047\004\035\004\030\004\032\004\036\004\022}{}% 38
\BOOKMARK [0][-]{chapter*.19}{\376\377\004\037\004\040\004\030\004\033\004\036\004\026\004\025\004\035\004\030\004\025\000\040\004\020}{}% 39
